../Core/Src/DFPLAYER_MINI.c:41:6:Send_cmd	32	static
../Core/Src/DFPLAYER_MINI.c:51:6:DF_PlayFromStart	8	static
../Core/Src/DFPLAYER_MINI.c:59:6:DF_SetAmplifier	16	static
../Core/Src/DFPLAYER_MINI.c:65:6:DF_Playspecific	16	static
../Core/Src/DFPLAYER_MINI.c:71:6:DF_Init	16	static
../Core/Src/DFPLAYER_MINI.c:79:6:DF_Next	8	static
../Core/Src/DFPLAYER_MINI.c:85:6:DF_Pause	8	static
../Core/Src/DFPLAYER_MINI.c:91:6:DF_Previous	8	static
../Core/Src/DFPLAYER_MINI.c:97:6:DF_Playback	8	static
../Core/Src/DFPLAYER_MINI.c:103:6:DF_Stop	8	static
../Core/Src/DFPLAYER_MINI.c:109:6:Check_Key	8	static
../Core/Src/DFPLAYER_MINI.c:142:9:Check_Busy	8	static
